# UMI-tools version: 1.1.6
# output generated by dedup -I /hwmaster/hujingling/SNAREseq2/011_RNA_quantification/STARsolo_output/pre_exp1/pre_exp1Aligned.out.CBUB.bam --extract-umi-method=tag --umi-tag=UB --cell-tag=CB -S /hwmaster/hujingling/SNAREseq2/011_RNA_quantification/STARsolo_output/pre_exp1/pre_exp1Aligned.out.dedup.bam --log=dedup.log
# job started at Sat Nov  1 11:32:43 2025 on master -- f846c7f6-84ca-4dc4-abff-8be426d0a46b
# pid: 1122474, system: Linux 6.1.0-26-amd64 #1 SMP PREEMPT_DYNAMIC Debian 6.1.112-1 (2024-09-30) x86_64
# assigned_tag                            : None
# cell_tag                                : CB
# cell_tag_delim                          : None
# cell_tag_split                          : -
# chimeric_pairs                          : use
# chrom                                   : None
# compresslevel                           : 6
# detection_method                        : None
# filter_umi                              : None
# gene_tag                                : None
# gene_transcript_map                     : None
# get_umi_method                          : tag
# ignore_tlen                             : False
# ignore_umi                              : False
# in_sam                                  : False
# log2stderr                              : False
# loglevel                                : 1
# mapping_quality                         : 0
# method                                  : directional
# no_sort_output                          : False
# out_sam                                 : False
# output_unmapped                         : False
# paired                                  : False
# per_cell                                : False
# per_contig                              : False
# per_gene                                : False
# random_seed                             : None
# read_length                             : False
# short_help                              : None
# skip_regex                              : ^(__|Unassigned)
# soft_clip_threshold                     : 4
# spliced                                 : False
# stats                                   : False
# stderr                                  : <_io.TextIOWrapper name='<stderr>' mode='w' encoding='utf-8'>
# stdin                                   : <_io.TextIOWrapper name='/hwmaster/hujingling/SNAREseq2/011_RNA_quantification/STARsolo_output/pre_exp1/pre_exp1Aligned.out.CBUB.bam' mode='r' encoding='UTF-8'>
# stdlog                                  : <_io.TextIOWrapper name='dedup.log' mode='a' encoding='UTF-8'>
# stdout                                  : <_io.TextIOWrapper name='/hwmaster/hujingling/SNAREseq2/011_RNA_quantification/STARsolo_output/pre_exp1/pre_exp1Aligned.out.dedup.bam' mode='w' encoding='UTF-8'>
# subset                                  : None
# threshold                               : 1
# timeit_file                             : None
# timeit_header                           : None
# timeit_name                             : all
# tmpdir                                  : None
# umi_sep                                 : _
# umi_tag                                 : UB
# umi_tag_delim                           : None
# umi_tag_split                           : None
# umi_whitelist                           : None
# umi_whitelist_paired                    : None
# unmapped_reads                          : discard
# unpaired_reads                          : use
# whole_contig                            : False
2025-11-01 11:32:43,059 INFO command: dedup -I /hwmaster/hujingling/SNAREseq2/011_RNA_quantification/STARsolo_output/pre_exp1/pre_exp1Aligned.out.CBUB.bam --extract-umi-method=tag --umi-tag=UB --cell-tag=CB -S /hwmaster/hujingling/SNAREseq2/011_RNA_quantification/STARsolo_output/pre_exp1/pre_exp1Aligned.out.dedup.bam --log=dedup.log
# UMI-tools version: 1.1.6
# output generated by dedup -I /hwmaster/hujingling/SNAREseq2/011_RNA_quantification/STARsolo_output/pre_exp1/pre_exp1Aligned.out.CBUB.sorted.bam --extract-umi-method=tag --umi-tag=UB --cell-tag=CB -S /hwmaster/hujingling/SNAREseq2/011_RNA_quantification/STARsolo_output/pre_exp1/pre_exp1Aligned.out.dedup.bam --log=dedup.log
# job started at Mon Nov  3 12:00:51 2025 on master -- 010fe488-501b-4d03-983f-e68c6c509615
# pid: 1684057, system: Linux 6.1.0-26-amd64 #1 SMP PREEMPT_DYNAMIC Debian 6.1.112-1 (2024-09-30) x86_64
# assigned_tag                            : None
# cell_tag                                : CB
# cell_tag_delim                          : None
# cell_tag_split                          : -
# chimeric_pairs                          : use
# chrom                                   : None
# compresslevel                           : 6
# detection_method                        : None
# filter_umi                              : None
# gene_tag                                : None
# gene_transcript_map                     : None
# get_umi_method                          : tag
# ignore_tlen                             : False
# ignore_umi                              : False
# in_sam                                  : False
# log2stderr                              : False
# loglevel                                : 1
# mapping_quality                         : 0
# method                                  : directional
# no_sort_output                          : False
# out_sam                                 : False
# output_unmapped                         : False
# paired                                  : False
# per_cell                                : False
# per_contig                              : False
# per_gene                                : False
# random_seed                             : None
# read_length                             : False
# short_help                              : None
# skip_regex                              : ^(__|Unassigned)
# soft_clip_threshold                     : 4
# spliced                                 : False
# stats                                   : False
# stderr                                  : <_io.TextIOWrapper name='<stderr>' mode='w' encoding='utf-8'>
# stdin                                   : <_io.TextIOWrapper name='/hwmaster/hujingling/SNAREseq2/011_RNA_quantification/STARsolo_output/pre_exp1/pre_exp1Aligned.out.CBUB.sorted.bam' mode='r' encoding='UTF-8'>
# stdlog                                  : <_io.TextIOWrapper name='dedup.log' mode='a' encoding='UTF-8'>
# stdout                                  : <_io.TextIOWrapper name='/hwmaster/hujingling/SNAREseq2/011_RNA_quantification/STARsolo_output/pre_exp1/pre_exp1Aligned.out.dedup.bam' mode='w' encoding='UTF-8'>
# subset                                  : None
# threshold                               : 1
# timeit_file                             : None
# timeit_header                           : None
# timeit_name                             : all
# tmpdir                                  : None
# umi_sep                                 : _
# umi_tag                                 : UB
# umi_tag_delim                           : None
# umi_tag_split                           : None
# umi_whitelist                           : None
# umi_whitelist_paired                    : None
# unmapped_reads                          : discard
# unpaired_reads                          : use
# whole_contig                            : False
2025-11-03 12:00:51,025 INFO command: dedup -I /hwmaster/hujingling/SNAREseq2/011_RNA_quantification/STARsolo_output/pre_exp1/pre_exp1Aligned.out.CBUB.sorted.bam --extract-umi-method=tag --umi-tag=UB --cell-tag=CB -S /hwmaster/hujingling/SNAREseq2/011_RNA_quantification/STARsolo_output/pre_exp1/pre_exp1Aligned.out.dedup.bam --log=dedup.log
2025-11-03 12:01:04,895 INFO Written out 100000 reads
2025-11-03 12:01:18,871 INFO Written out 200000 reads
2025-11-03 12:01:19,518 INFO Parsed 1000000 input reads
2025-11-03 12:01:35,143 INFO Written out 300000 reads
2025-11-03 12:01:46,920 INFO Written out 400000 reads
2025-11-03 12:01:48,592 INFO Parsed 2000000 input reads
2025-11-03 12:02:00,184 INFO Written out 500000 reads
2025-11-03 12:02:15,488 INFO Written out 600000 reads
2025-11-03 12:02:15,946 INFO Parsed 3000000 input reads
2025-11-03 12:02:28,755 INFO Written out 700000 reads
2025-11-03 12:02:46,465 INFO Written out 800000 reads
2025-11-03 12:02:46,761 INFO Parsed 4000000 input reads
2025-11-03 12:02:59,401 INFO Written out 900000 reads
2025-11-03 12:03:14,497 INFO Written out 1000000 reads
2025-11-03 12:03:15,741 INFO Parsed 5000000 input reads
2025-11-03 12:03:29,267 INFO Written out 1100000 reads
2025-11-03 12:03:45,907 INFO Written out 1200000 reads
2025-11-03 12:03:46,701 INFO Parsed 6000000 input reads
2025-11-03 12:04:00,959 INFO Written out 1300000 reads
2025-11-03 12:04:15,443 INFO Written out 1400000 reads
2025-11-03 12:04:16,560 INFO Parsed 7000000 input reads
2025-11-03 12:04:32,672 INFO Written out 1500000 reads
2025-11-03 12:05:48,613 INFO Parsed 8000000 input reads
2025-11-03 12:05:48,621 INFO Written out 1600000 reads
2025-11-03 12:05:59,959 INFO Written out 1700000 reads
2025-11-03 12:06:16,365 INFO Parsed 9000000 input reads
2025-11-03 12:06:18,726 INFO Written out 1800000 reads
2025-11-03 12:06:25,550 INFO Written out 1900000 reads
2025-11-03 12:06:33,609 INFO Parsed 10000000 input reads
2025-11-03 12:06:38,542 INFO Written out 2000000 reads
2025-11-03 12:06:49,297 INFO Written out 2100000 reads
2025-11-03 12:07:02,027 INFO Parsed 11000000 input reads
2025-11-03 12:07:03,727 INFO Written out 2200000 reads
2025-11-03 12:07:18,657 INFO Written out 2300000 reads
2025-11-03 12:07:30,584 INFO Parsed 12000000 input reads
2025-11-03 12:07:32,563 INFO Written out 2400000 reads
2025-11-03 12:07:46,288 INFO Written out 2500000 reads
2025-11-03 12:07:59,543 INFO Parsed 13000000 input reads
2025-11-03 12:08:01,241 INFO Written out 2600000 reads
2025-11-03 12:08:15,258 INFO Written out 2700000 reads
2025-11-03 12:08:27,714 INFO Parsed 14000000 input reads
2025-11-03 12:08:28,902 INFO Written out 2800000 reads
2025-11-03 12:08:43,243 INFO Written out 2900000 reads
2025-11-03 12:08:56,169 INFO Parsed 15000000 input reads
2025-11-03 12:08:57,489 INFO Written out 3000000 reads
2025-11-03 12:09:12,492 INFO Written out 3100000 reads
2025-11-03 12:09:26,826 INFO Parsed 16000000 input reads
2025-11-03 12:09:27,249 INFO Written out 3200000 reads
2025-11-03 12:09:41,260 INFO Written out 3300000 reads
2025-11-03 12:09:53,005 INFO Parsed 17000000 input reads
2025-11-03 12:09:55,027 INFO Written out 3400000 reads
2025-11-03 12:10:08,214 INFO Written out 3500000 reads
2025-11-03 12:10:21,059 INFO Parsed 18000000 input reads
2025-11-03 12:10:22,149 INFO Written out 3600000 reads
2025-11-03 12:10:35,798 INFO Written out 3700000 reads
2025-11-03 12:10:49,281 INFO Parsed 19000000 input reads
2025-11-03 12:10:49,877 INFO Written out 3800000 reads
2025-11-03 12:11:03,752 INFO Written out 3900000 reads
2025-11-03 12:11:17,360 INFO Parsed 20000000 input reads
2025-11-03 12:11:17,671 INFO Written out 4000000 reads
2025-11-03 12:11:31,322 INFO Written out 4100000 reads
2025-11-03 12:11:45,446 INFO Written out 4200000 reads
2025-11-03 12:11:45,878 INFO Parsed 21000000 input reads
2025-11-03 12:11:59,666 INFO Written out 4300000 reads
2025-11-03 12:12:13,446 INFO Parsed 22000000 input reads
2025-11-03 12:12:13,580 INFO Written out 4400000 reads
2025-11-03 12:12:27,834 INFO Written out 4500000 reads
2025-11-03 12:12:42,394 INFO Written out 4600000 reads
2025-11-03 12:12:42,547 INFO Parsed 23000000 input reads
2025-11-03 12:13:42,689 INFO Written out 4700000 reads
2025-11-03 12:13:44,954 INFO Parsed 24000000 input reads
2025-11-03 12:13:45,362 INFO Written out 4800000 reads
2025-11-03 12:13:47,961 INFO Written out 4900000 reads
2025-11-03 12:13:49,572 INFO Parsed 25000000 input reads
2025-11-03 12:13:50,881 INFO Written out 5000000 reads
2025-11-03 12:14:06,121 INFO Written out 5100000 reads
2025-11-03 12:14:13,526 INFO Parsed 26000000 input reads
2025-11-03 12:14:20,133 INFO Written out 5200000 reads
2025-11-03 12:29:00,885 INFO Written out 5300000 reads
2025-11-03 12:29:53,600 INFO Parsed 27000000 input reads
2025-11-03 12:55:47,012 INFO Parsed 28000000 input reads
# UMI-tools version: 1.1.6
# output generated by dedup -I /hwmaster/hujingling/SNAREseq2/011_RNA_quantification/STARsolo_output/pre_exp1/pre_exp1Aligned.out.CBUB.sorted.bam --extract-umi-method=tag --umi-tag=UB --cell-tag=CB -S /hwmaster/hujingling/SNAREseq2/011_RNA_quantification/STARsolo_output/pre_exp1/pre_exp1Aligned.out.dedup.bam --log=dedup.log
# job started at Mon Nov  3 12:57:32 2025 on master -- 762d4041-bea1-465e-a474-edca01a6f62a
# pid: 1718087, system: Linux 6.1.0-26-amd64 #1 SMP PREEMPT_DYNAMIC Debian 6.1.112-1 (2024-09-30) x86_64
# assigned_tag                            : None
# cell_tag                                : CB
# cell_tag_delim                          : None
# cell_tag_split                          : -
# chimeric_pairs                          : use
# chrom                                   : None
# compresslevel                           : 6
# detection_method                        : None
# filter_umi                              : None
# gene_tag                                : None
# gene_transcript_map                     : None
# get_umi_method                          : tag
# ignore_tlen                             : False
# ignore_umi                              : False
# in_sam                                  : False
# log2stderr                              : False
# loglevel                                : 1
# mapping_quality                         : 0
# method                                  : directional
# no_sort_output                          : False
# out_sam                                 : False
# output_unmapped                         : False
# paired                                  : False
# per_cell                                : False
# per_contig                              : False
# per_gene                                : False
# random_seed                             : None
# read_length                             : False
# short_help                              : None
# skip_regex                              : ^(__|Unassigned)
# soft_clip_threshold                     : 4
# spliced                                 : False
# stats                                   : False
# stderr                                  : <_io.TextIOWrapper name='<stderr>' mode='w' encoding='utf-8'>
# stdin                                   : <_io.TextIOWrapper name='/hwmaster/hujingling/SNAREseq2/011_RNA_quantification/STARsolo_output/pre_exp1/pre_exp1Aligned.out.CBUB.sorted.bam' mode='r' encoding='UTF-8'>
# stdlog                                  : <_io.TextIOWrapper name='dedup.log' mode='a' encoding='UTF-8'>
# stdout                                  : <_io.TextIOWrapper name='/hwmaster/hujingling/SNAREseq2/011_RNA_quantification/STARsolo_output/pre_exp1/pre_exp1Aligned.out.dedup.bam' mode='w' encoding='UTF-8'>
# subset                                  : None
# threshold                               : 1
# timeit_file                             : None
# timeit_header                           : None
# timeit_name                             : all
# tmpdir                                  : None
# umi_sep                                 : _
# umi_tag                                 : UB
# umi_tag_delim                           : None
# umi_tag_split                           : None
# umi_whitelist                           : None
# umi_whitelist_paired                    : None
# unmapped_reads                          : discard
# unpaired_reads                          : use
# whole_contig                            : False
2025-11-03 12:57:32,935 INFO command: dedup -I /hwmaster/hujingling/SNAREseq2/011_RNA_quantification/STARsolo_output/pre_exp1/pre_exp1Aligned.out.CBUB.sorted.bam --extract-umi-method=tag --umi-tag=UB --cell-tag=CB -S /hwmaster/hujingling/SNAREseq2/011_RNA_quantification/STARsolo_output/pre_exp1/pre_exp1Aligned.out.dedup.bam --log=dedup.log
2025-11-03 12:57:49,004 INFO Written out 100000 reads
2025-11-03 12:58:04,208 INFO Written out 200000 reads
2025-11-03 12:58:04,877 INFO Parsed 1000000 input reads
2025-11-03 12:58:21,205 INFO Written out 300000 reads
2025-11-03 12:58:33,587 INFO Written out 400000 reads
2025-11-03 12:58:35,313 INFO Parsed 2000000 input reads
2025-11-03 12:58:47,947 INFO Written out 500000 reads
2025-11-03 12:59:04,340 INFO Written out 600000 reads
2025-11-03 12:59:04,813 INFO Parsed 3000000 input reads
2025-11-03 12:59:17,974 INFO Written out 700000 reads
2025-11-03 12:59:34,919 INFO Written out 800000 reads
2025-11-03 12:59:35,154 INFO Parsed 4000000 input reads
2025-11-03 12:59:47,684 INFO Written out 900000 reads
2025-11-03 13:00:03,819 INFO Written out 1000000 reads
2025-11-03 13:00:05,203 INFO Parsed 5000000 input reads
2025-11-03 13:00:19,362 INFO Written out 1100000 reads
2025-11-03 13:00:35,893 INFO Written out 1200000 reads
2025-11-03 13:00:36,618 INFO Parsed 6000000 input reads
2025-11-03 13:00:50,781 INFO Written out 1300000 reads
2025-11-03 13:01:06,340 INFO Written out 1400000 reads
2025-11-03 13:01:07,818 INFO Parsed 7000000 input reads
2025-11-03 13:01:26,635 INFO Written out 1500000 reads
2025-11-03 13:02:48,478 INFO Parsed 8000000 input reads
2025-11-03 13:02:48,485 INFO Written out 1600000 reads
2025-11-03 13:02:59,305 INFO Written out 1700000 reads
2025-11-03 13:03:15,060 INFO Parsed 9000000 input reads
2025-11-03 13:03:17,322 INFO Written out 1800000 reads
2025-11-03 13:03:23,869 INFO Written out 1900000 reads
2025-11-03 13:03:31,824 INFO Parsed 10000000 input reads
2025-11-03 13:03:36,763 INFO Written out 2000000 reads
2025-11-03 13:03:47,562 INFO Written out 2100000 reads
2025-11-03 13:04:00,127 INFO Parsed 11000000 input reads
2025-11-03 13:04:01,821 INFO Written out 2200000 reads
2025-11-03 13:04:16,378 INFO Written out 2300000 reads
2025-11-03 13:04:28,113 INFO Parsed 12000000 input reads
2025-11-03 13:04:30,183 INFO Written out 2400000 reads
2025-11-03 13:04:44,031 INFO Written out 2500000 reads
2025-11-03 13:04:57,056 INFO Parsed 13000000 input reads
2025-11-03 13:04:58,720 INFO Written out 2600000 reads
2025-11-03 13:05:12,826 INFO Written out 2700000 reads
2025-11-03 13:05:25,345 INFO Parsed 14000000 input reads
2025-11-03 13:05:26,539 INFO Written out 2800000 reads
2025-11-03 13:05:40,852 INFO Written out 2900000 reads
2025-11-03 13:05:53,784 INFO Parsed 15000000 input reads
2025-11-03 13:05:55,098 INFO Written out 3000000 reads
2025-11-03 13:06:09,395 INFO Written out 3100000 reads
2025-11-03 13:06:23,614 INFO Parsed 16000000 input reads
2025-11-03 13:06:24,031 INFO Written out 3200000 reads
2025-11-03 13:06:38,255 INFO Written out 3300000 reads
2025-11-03 13:06:50,058 INFO Parsed 17000000 input reads
2025-11-03 13:06:52,113 INFO Written out 3400000 reads
2025-11-03 13:07:05,511 INFO Written out 3500000 reads
2025-11-03 13:07:18,485 INFO Parsed 18000000 input reads
2025-11-03 13:07:19,555 INFO Written out 3600000 reads
2025-11-03 13:07:33,388 INFO Written out 3700000 reads
2025-11-03 13:07:47,045 INFO Parsed 19000000 input reads
2025-11-03 13:07:47,647 INFO Written out 3800000 reads
2025-11-03 13:08:01,722 INFO Written out 3900000 reads
2025-11-03 13:08:15,321 INFO Parsed 20000000 input reads
2025-11-03 13:08:15,642 INFO Written out 4000000 reads
2025-11-03 13:08:29,652 INFO Written out 4100000 reads
2025-11-03 13:08:43,978 INFO Written out 4200000 reads
2025-11-03 13:08:44,413 INFO Parsed 21000000 input reads
2025-11-03 13:08:58,406 INFO Written out 4300000 reads
2025-11-03 13:09:12,206 INFO Parsed 22000000 input reads
2025-11-03 13:09:12,341 INFO Written out 4400000 reads
2025-11-03 13:09:26,365 INFO Written out 4500000 reads
2025-11-03 13:09:40,883 INFO Written out 4600000 reads
2025-11-03 13:09:41,027 INFO Parsed 23000000 input reads
2025-11-03 13:10:39,600 INFO Written out 4700000 reads
2025-11-03 13:10:41,652 INFO Parsed 24000000 input reads
2025-11-03 13:10:42,018 INFO Written out 4800000 reads
2025-11-03 13:10:44,364 INFO Written out 4900000 reads
2025-11-03 13:10:45,855 INFO Parsed 25000000 input reads
2025-11-03 13:10:47,106 INFO Written out 5000000 reads
2025-11-03 13:11:01,111 INFO Written out 5100000 reads
2025-11-03 13:11:08,610 INFO Parsed 26000000 input reads
2025-11-03 13:11:15,363 INFO Written out 5200000 reads
2025-11-03 13:26:24,059 INFO Written out 5300000 reads
2025-11-03 13:27:16,557 INFO Parsed 27000000 input reads
2025-11-03 13:52:09,987 INFO Parsed 28000000 input reads
# UMI-tools version: 1.1.6
# output generated by dedup -I /hwmaster/hujingling/SNAREseq2/011_RNA_quantification/STARsolo_output/pre_exp1/pre_exp1Aligned.out.CBUB.sorted.bam --extract-umi-method=tag --umi-tag=UB --cell-tag=CB -S /hwmaster/hujingling/SNAREseq2/011_RNA_quantification/STARsolo_output/pre_exp1/pre_exp1Aligned.out.dedup.bam --log=dedup.log
# job started at Mon Nov  3 15:26:50 2025 on master -- ad23a13a-e70c-49b6-8372-043a7c60a212
# pid: 1800089, system: Linux 6.1.0-26-amd64 #1 SMP PREEMPT_DYNAMIC Debian 6.1.112-1 (2024-09-30) x86_64
# assigned_tag                            : None
# cell_tag                                : CB
# cell_tag_delim                          : None
# cell_tag_split                          : -
# chimeric_pairs                          : use
# chrom                                   : None
# compresslevel                           : 6
# detection_method                        : None
# filter_umi                              : None
# gene_tag                                : None
# gene_transcript_map                     : None
# get_umi_method                          : tag
# ignore_tlen                             : False
# ignore_umi                              : False
# in_sam                                  : False
# log2stderr                              : False
# loglevel                                : 1
# mapping_quality                         : 0
# method                                  : directional
# no_sort_output                          : False
# out_sam                                 : False
# output_unmapped                         : False
# paired                                  : False
# per_cell                                : False
# per_contig                              : False
# per_gene                                : False
# random_seed                             : None
# read_length                             : False
# short_help                              : None
# skip_regex                              : ^(__|Unassigned)
# soft_clip_threshold                     : 4
# spliced                                 : False
# stats                                   : False
# stderr                                  : <_io.TextIOWrapper name='<stderr>' mode='w' encoding='utf-8'>
# stdin                                   : <_io.TextIOWrapper name='/hwmaster/hujingling/SNAREseq2/011_RNA_quantification/STARsolo_output/pre_exp1/pre_exp1Aligned.out.CBUB.sorted.bam' mode='r' encoding='UTF-8'>
# stdlog                                  : <_io.TextIOWrapper name='dedup.log' mode='a' encoding='UTF-8'>
# stdout                                  : <_io.TextIOWrapper name='/hwmaster/hujingling/SNAREseq2/011_RNA_quantification/STARsolo_output/pre_exp1/pre_exp1Aligned.out.dedup.bam' mode='w' encoding='UTF-8'>
# subset                                  : None
# threshold                               : 1
# timeit_file                             : None
# timeit_header                           : None
# timeit_name                             : all
# tmpdir                                  : None
# umi_sep                                 : _
# umi_tag                                 : UB
# umi_tag_delim                           : None
# umi_tag_split                           : None
# umi_whitelist                           : None
# umi_whitelist_paired                    : None
# unmapped_reads                          : discard
# unpaired_reads                          : use
# whole_contig                            : False
2025-11-03 15:26:50,313 INFO command: dedup -I /hwmaster/hujingling/SNAREseq2/011_RNA_quantification/STARsolo_output/pre_exp1/pre_exp1Aligned.out.CBUB.sorted.bam --extract-umi-method=tag --umi-tag=UB --cell-tag=CB -S /hwmaster/hujingling/SNAREseq2/011_RNA_quantification/STARsolo_output/pre_exp1/pre_exp1Aligned.out.dedup.bam --log=dedup.log
2025-11-03 15:27:03,988 INFO Written out 100000 reads
2025-11-03 15:27:17,734 INFO Written out 200000 reads
2025-11-03 15:27:18,369 INFO Parsed 1000000 input reads
2025-11-03 15:27:33,738 INFO Written out 300000 reads
2025-11-03 15:27:45,899 INFO Written out 400000 reads
2025-11-03 15:27:47,951 INFO Parsed 2000000 input reads
2025-11-03 15:28:00,055 INFO Written out 500000 reads
2025-11-03 15:28:15,476 INFO Written out 600000 reads
2025-11-03 15:28:15,955 INFO Parsed 3000000 input reads
2025-11-03 15:28:28,042 INFO Written out 700000 reads
2025-11-03 15:28:44,846 INFO Written out 800000 reads
2025-11-03 15:28:45,069 INFO Parsed 4000000 input reads
2025-11-03 15:28:56,533 INFO Written out 900000 reads
2025-11-03 15:29:10,118 INFO Written out 1000000 reads
2025-11-03 15:29:11,328 INFO Parsed 5000000 input reads
2025-11-03 15:29:24,130 INFO Written out 1100000 reads
2025-11-03 15:29:39,533 INFO Written out 1200000 reads
2025-11-03 15:29:40,271 INFO Parsed 6000000 input reads
2025-11-03 15:29:53,771 INFO Written out 1300000 reads
2025-11-03 15:30:07,372 INFO Written out 1400000 reads
2025-11-03 15:30:08,421 INFO Parsed 7000000 input reads
2025-11-03 15:30:23,585 INFO Written out 1500000 reads
2025-11-03 15:31:36,573 INFO Parsed 8000000 input reads
2025-11-03 15:31:36,587 INFO Written out 1600000 reads
2025-11-03 15:31:47,280 INFO Written out 1700000 reads
2025-11-03 15:32:02,921 INFO Parsed 9000000 input reads
2025-11-03 15:32:05,158 INFO Written out 1800000 reads
2025-11-03 15:32:11,690 INFO Written out 1900000 reads
2025-11-03 15:32:19,502 INFO Parsed 10000000 input reads
2025-11-03 15:32:24,233 INFO Written out 2000000 reads
2025-11-03 15:32:34,835 INFO Written out 2100000 reads
2025-11-03 15:32:47,522 INFO Parsed 11000000 input reads
2025-11-03 15:32:49,243 INFO Written out 2200000 reads
2025-11-03 15:33:04,417 INFO Written out 2300000 reads
2025-11-03 15:33:16,312 INFO Parsed 12000000 input reads
2025-11-03 15:33:18,288 INFO Written out 2400000 reads
2025-11-03 15:33:32,180 INFO Written out 2500000 reads
2025-11-03 15:33:45,401 INFO Parsed 13000000 input reads
2025-11-03 15:33:47,106 INFO Written out 2600000 reads
2025-11-03 15:34:01,405 INFO Written out 2700000 reads
2025-11-03 15:34:14,019 INFO Parsed 14000000 input reads
2025-11-03 15:34:15,209 INFO Written out 2800000 reads
2025-11-03 15:34:29,734 INFO Written out 2900000 reads
2025-11-03 15:34:43,038 INFO Parsed 15000000 input reads
2025-11-03 15:34:44,365 INFO Written out 3000000 reads
2025-11-03 15:34:58,840 INFO Written out 3100000 reads
2025-11-03 15:35:13,322 INFO Parsed 16000000 input reads
2025-11-03 15:35:13,749 INFO Written out 3200000 reads
2025-11-03 15:35:28,883 INFO Written out 3300000 reads
2025-11-03 15:35:40,872 INFO Parsed 17000000 input reads
2025-11-03 15:35:42,928 INFO Written out 3400000 reads
2025-11-03 15:35:56,483 INFO Written out 3500000 reads
2025-11-03 15:36:09,399 INFO Parsed 18000000 input reads
2025-11-03 15:36:10,454 INFO Written out 3600000 reads
2025-11-03 15:36:24,479 INFO Written out 3700000 reads
2025-11-03 15:36:38,377 INFO Parsed 19000000 input reads
2025-11-03 15:36:38,958 INFO Written out 3800000 reads
2025-11-03 15:36:53,332 INFO Written out 3900000 reads
2025-11-03 15:37:07,388 INFO Parsed 20000000 input reads
2025-11-03 15:37:07,704 INFO Written out 4000000 reads
2025-11-03 15:37:21,607 INFO Written out 4100000 reads
2025-11-03 15:37:36,279 INFO Written out 4200000 reads
2025-11-03 15:37:36,724 INFO Parsed 21000000 input reads
2025-11-03 15:37:50,893 INFO Written out 4300000 reads
2025-11-03 15:38:05,041 INFO Parsed 22000000 input reads
2025-11-03 15:38:05,181 INFO Written out 4400000 reads
2025-11-03 15:38:19,508 INFO Written out 4500000 reads
2025-11-03 15:38:33,357 INFO Written out 4600000 reads
2025-11-03 15:38:33,496 INFO Parsed 23000000 input reads
2025-11-03 15:39:29,356 INFO Written out 4700000 reads
2025-11-03 15:39:31,424 INFO Parsed 24000000 input reads
2025-11-03 15:39:31,790 INFO Written out 4800000 reads
2025-11-03 15:39:34,154 INFO Written out 4900000 reads
2025-11-03 15:39:35,624 INFO Parsed 25000000 input reads
2025-11-03 15:39:36,852 INFO Written out 5000000 reads
2025-11-03 15:39:51,001 INFO Written out 5100000 reads
2025-11-03 15:39:58,638 INFO Parsed 26000000 input reads
2025-11-03 15:40:05,463 INFO Written out 5200000 reads
2025-11-03 15:55:29,223 INFO Written out 5300000 reads
2025-11-03 15:56:22,111 INFO Parsed 27000000 input reads
2025-11-03 16:24:45,609 INFO Parsed 28000000 input reads
# UMI-tools version: 1.1.6
# output generated by dedup -I /hwmaster/hujingling/SNAREseq2/011_RNA_quantification/STARsolo_output/pre_exp1/pre_exp1Aligned.out.CBUB.sorted.bam --extract-umi-method=tag --umi-tag=UB --cell-tag=CB --paired --chrom=chr21 --output-stats=dedup_sum.txt -S /hwmaster/hujingling/SNAREseq2/011_RNA_quantification/STARsolo_output/pre_exp1/pre_exp1Aligned.out.dedup.bam --log=dedup.log
# job started at Mon Nov  3 18:29:24 2025 on master -- 3f23f847-ebca-432c-b555-d9301400abba
# pid: 1940899, system: Linux 6.1.0-26-amd64 #1 SMP PREEMPT_DYNAMIC Debian 6.1.112-1 (2024-09-30) x86_64
# assigned_tag                            : None
# cell_tag                                : CB
# cell_tag_delim                          : None
# cell_tag_split                          : -
# chimeric_pairs                          : use
# chrom                                   : chr21
# compresslevel                           : 6
# detection_method                        : None
# filter_umi                              : None
# gene_tag                                : None
# gene_transcript_map                     : None
# get_umi_method                          : tag
# ignore_tlen                             : False
# ignore_umi                              : False
# in_sam                                  : False
# log2stderr                              : False
# loglevel                                : 1
# mapping_quality                         : 0
# method                                  : directional
# no_sort_output                          : False
# out_sam                                 : False
# output_unmapped                         : False
# paired                                  : True
# per_cell                                : False
# per_contig                              : False
# per_gene                                : False
# random_seed                             : None
# read_length                             : False
# short_help                              : None
# skip_regex                              : ^(__|Unassigned)
# soft_clip_threshold                     : 4
# spliced                                 : False
# stats                                   : dedup_sum.txt
# stderr                                  : <_io.TextIOWrapper name='<stderr>' mode='w' encoding='utf-8'>
# stdin                                   : <_io.TextIOWrapper name='/hwmaster/hujingling/SNAREseq2/011_RNA_quantification/STARsolo_output/pre_exp1/pre_exp1Aligned.out.CBUB.sorted.bam' mode='r' encoding='UTF-8'>
# stdlog                                  : <_io.TextIOWrapper name='dedup.log' mode='a' encoding='UTF-8'>
# stdout                                  : <_io.TextIOWrapper name='/hwmaster/hujingling/SNAREseq2/011_RNA_quantification/STARsolo_output/pre_exp1/pre_exp1Aligned.out.dedup.bam' mode='w' encoding='UTF-8'>
# subset                                  : None
# threshold                               : 1
# timeit_file                             : None
# timeit_header                           : None
# timeit_name                             : all
# tmpdir                                  : None
# umi_sep                                 : _
# umi_tag                                 : UB
# umi_tag_delim                           : None
# umi_tag_split                           : None
# umi_whitelist                           : None
# umi_whitelist_paired                    : None
# unmapped_reads                          : discard
# unpaired_reads                          : use
# whole_contig                            : False
2025-11-03 18:29:24,498 WARNING Chimeric read pairs are being used. Some read pair UMIs may be grouped/deduplicated using just the mapping coordinates from read1.This may also increase the run time and memory usage. Consider --chimeric-pairs==discard to discard these reads or --chimeric-pairs==output (group command only) to output them without grouping
2025-11-03 18:29:24,498 WARNING Unpaired read pairs are being used. Some read pair UMIs may be grouped/deduplicated using just the mapping coordinates from read1.This may also increase the run time and memory usage. Consider --unpared-reads==discard to discard these reads or --unpared-reads==output (group command only) to output them without grouping
2025-11-03 18:29:24,498 INFO command: dedup -I /hwmaster/hujingling/SNAREseq2/011_RNA_quantification/STARsolo_output/pre_exp1/pre_exp1Aligned.out.CBUB.sorted.bam --extract-umi-method=tag --umi-tag=UB --cell-tag=CB --paired --chrom=chr21 --output-stats=dedup_sum.txt -S /hwmaster/hujingling/SNAREseq2/011_RNA_quantification/STARsolo_output/pre_exp1/pre_exp1Aligned.out.dedup.bam --log=dedup.log
# UMI-tools version: 1.1.6
# output generated by dedup -I /hwmaster/hujingling/SNAREseq2/011_RNA_quantification/STARsolo_output/pre_exp1/pre_exp1Aligned.out.CBUB.sorted.bam --extract-umi-method=tag --umi-tag=UB --cell-tag=CB --paired --output-stats=dedup_sum.txt -S /hwmaster/hujingling/SNAREseq2/011_RNA_quantification/STARsolo_output/pre_exp1/pre_exp1Aligned.out.dedup.bam --log=dedup.log
# job started at Mon Nov  3 18:37:38 2025 on node5 -- e07b6c20-6af9-4f09-9935-0470b62f05bf
# pid: 1205546, system: Linux 5.10.0-25-amd64 #1 SMP Debian 5.10.191-1 (2023-08-16) x86_64
# assigned_tag                            : None
# cell_tag                                : CB
# cell_tag_delim                          : None
# cell_tag_split                          : -
# chimeric_pairs                          : use
# chrom                                   : None
# compresslevel                           : 6
# detection_method                        : None
# filter_umi                              : None
# gene_tag                                : None
# gene_transcript_map                     : None
# get_umi_method                          : tag
# ignore_tlen                             : False
# ignore_umi                              : False
# in_sam                                  : False
# log2stderr                              : False
# loglevel                                : 1
# mapping_quality                         : 0
# method                                  : directional
# no_sort_output                          : False
# out_sam                                 : False
# output_unmapped                         : False
# paired                                  : True
# per_cell                                : False
# per_contig                              : False
# per_gene                                : False
# random_seed                             : None
# read_length                             : False
# short_help                              : None
# skip_regex                              : ^(__|Unassigned)
# soft_clip_threshold                     : 4
# spliced                                 : False
# stats                                   : dedup_sum.txt
# stderr                                  : <_io.TextIOWrapper name='<stderr>' mode='w' encoding='utf-8'>
# stdin                                   : <_io.TextIOWrapper name='/hwmaster/hujingling/SNAREseq2/011_RNA_quantification/STARsolo_output/pre_exp1/pre_exp1Aligned.out.CBUB.sorted.bam' mode='r' encoding='UTF-8'>
# stdlog                                  : <_io.TextIOWrapper name='dedup.log' mode='a' encoding='UTF-8'>
# stdout                                  : <_io.TextIOWrapper name='/hwmaster/hujingling/SNAREseq2/011_RNA_quantification/STARsolo_output/pre_exp1/pre_exp1Aligned.out.dedup.bam' mode='w' encoding='UTF-8'>
# subset                                  : None
# threshold                               : 1
# timeit_file                             : None
# timeit_header                           : None
# timeit_name                             : all
# tmpdir                                  : None
# umi_sep                                 : _
# umi_tag                                 : UB
# umi_tag_delim                           : None
# umi_tag_split                           : None
# umi_whitelist                           : None
# umi_whitelist_paired                    : None
# unmapped_reads                          : discard
# unpaired_reads                          : use
# whole_contig                            : False
2025-11-03 18:37:38,131 WARNING Chimeric read pairs are being used. Some read pair UMIs may be grouped/deduplicated using just the mapping coordinates from read1.This may also increase the run time and memory usage. Consider --chimeric-pairs==discard to discard these reads or --chimeric-pairs==output (group command only) to output them without grouping
2025-11-03 18:37:38,132 WARNING Unpaired read pairs are being used. Some read pair UMIs may be grouped/deduplicated using just the mapping coordinates from read1.This may also increase the run time and memory usage. Consider --unpared-reads==discard to discard these reads or --unpared-reads==output (group command only) to output them without grouping
2025-11-03 18:37:38,132 INFO command: dedup -I /hwmaster/hujingling/SNAREseq2/011_RNA_quantification/STARsolo_output/pre_exp1/pre_exp1Aligned.out.CBUB.sorted.bam --extract-umi-method=tag --umi-tag=UB --cell-tag=CB --paired --output-stats=dedup_sum.txt -S /hwmaster/hujingling/SNAREseq2/011_RNA_quantification/STARsolo_output/pre_exp1/pre_exp1Aligned.out.dedup.bam --log=dedup.log
2025-11-03 19:01:20,436 INFO total_umis 260398445
2025-11-03 19:01:20,437 INFO #umis 1050352
2025-11-03 19:21:45,350 INFO Written out 100000 reads
2025-11-03 19:21:50,867 INFO Written out 200000 reads
2025-11-03 19:21:56,378 INFO Written out 300000 reads
2025-11-03 19:22:01,950 INFO Written out 400000 reads
2025-11-03 19:22:07,672 INFO Written out 500000 reads
2025-11-03 19:22:13,232 INFO Written out 600000 reads
2025-11-03 19:22:14,815 INFO Parsed 1000000 input reads
2025-11-03 19:22:18,886 INFO Written out 700000 reads
2025-11-03 19:22:25,385 INFO Written out 800000 reads
2025-11-03 19:22:33,312 INFO Written out 900000 reads
2025-11-03 19:22:39,767 INFO Written out 1000000 reads
2025-11-03 19:22:45,284 INFO Written out 1100000 reads
2025-11-03 19:22:51,178 INFO Written out 1200000 reads
2025-11-03 19:22:54,908 INFO Parsed 2000000 input reads
2025-11-03 19:22:57,302 INFO Written out 1300000 reads
2025-11-03 19:23:03,984 INFO Written out 1400000 reads
2025-11-03 19:23:10,114 INFO Written out 1500000 reads
2025-11-03 19:23:15,708 INFO Written out 1600000 reads
2025-11-03 19:23:21,640 INFO Written out 1700000 reads
2025-11-03 19:23:27,558 INFO Written out 1800000 reads
2025-11-03 19:23:33,543 INFO Parsed 3000000 input reads
2025-11-03 19:23:33,891 INFO Written out 1900000 reads
2025-11-03 19:23:40,222 INFO Written out 2000000 reads
2025-11-03 19:23:45,871 INFO Written out 2100000 reads
2025-11-03 19:23:52,232 INFO Written out 2200000 reads
2025-11-03 19:24:08,595 INFO Written out 2300000 reads
2025-11-03 19:24:11,468 INFO Written out 2400000 reads
2025-11-03 19:24:14,365 INFO Written out 2500000 reads
2025-11-03 19:24:14,866 INFO Parsed 4000000 input reads
2025-11-03 19:24:23,263 INFO Written out 2600000 reads
2025-11-03 19:24:29,507 INFO Written out 2700000 reads
2025-11-03 19:25:23,425 INFO Written out 2800000 reads
2025-11-03 19:25:31,637 INFO Written out 2900000 reads
2025-11-03 19:25:36,542 INFO Written out 3000000 reads
2025-11-03 19:25:42,949 INFO Written out 3100000 reads
2025-11-03 19:25:46,080 INFO Parsed 5000000 input reads
2025-11-03 19:25:48,555 INFO Written out 3200000 reads
2025-11-03 19:25:54,676 INFO Written out 3300000 reads
2025-11-03 19:26:00,719 INFO Written out 3400000 reads
2025-11-03 19:26:06,901 INFO Written out 3500000 reads
2025-11-03 19:26:13,542 INFO Written out 3600000 reads
2025-11-03 19:26:20,842 INFO Written out 3700000 reads
2025-11-03 19:26:26,982 INFO Parsed 6000000 input reads
2025-11-03 19:26:28,099 INFO Written out 3800000 reads
2025-11-03 19:26:33,898 INFO Written out 3900000 reads
2025-11-03 19:26:41,217 INFO Written out 4000000 reads
2025-11-03 19:26:48,525 INFO Written out 4100000 reads
2025-11-03 19:27:20,093 INFO Written out 4200000 reads
2025-11-03 19:27:26,232 INFO Written out 4300000 reads
2025-11-03 19:27:32,185 INFO Written out 4400000 reads
2025-11-03 19:27:33,573 INFO Parsed 7000000 input reads
2025-11-03 19:27:38,473 INFO Written out 4500000 reads
2025-11-03 19:27:45,654 INFO Written out 4600000 reads
2025-11-03 19:27:55,941 INFO Written out 4700000 reads
2025-11-03 19:28:52,616 INFO Written out 4800000 reads
2025-11-03 19:28:59,401 INFO Written out 4900000 reads
2025-11-03 19:29:06,932 INFO Written out 5000000 reads
2025-11-03 19:29:12,011 INFO Parsed 8000000 input reads
2025-11-03 19:29:13,254 INFO Written out 5100000 reads
2025-11-03 19:29:26,583 INFO Written out 5200000 reads
2025-11-03 19:29:32,829 INFO Written out 5300000 reads
2025-11-03 19:29:36,670 INFO Written out 5400000 reads
2025-11-03 19:29:41,629 INFO Written out 5500000 reads
2025-11-03 19:29:46,040 INFO Written out 5600000 reads
2025-11-03 19:29:57,446 INFO Written out 5700000 reads
2025-11-03 19:29:59,052 INFO Parsed 9000000 input reads
2025-11-03 19:30:02,380 INFO Written out 5800000 reads
2025-11-03 19:30:05,788 INFO Written out 5900000 reads
2025-11-03 19:30:13,084 INFO Written out 6000000 reads
2025-11-03 19:30:19,981 INFO Written out 6100000 reads
2025-11-03 19:30:28,740 INFO Written out 6200000 reads
2025-11-03 19:30:32,059 INFO Written out 6300000 reads
2025-11-03 19:30:34,865 INFO Parsed 10000000 input reads
2025-11-03 19:30:44,154 INFO Written out 6400000 reads
2025-11-03 19:30:51,875 INFO Written out 6500000 reads
2025-11-03 19:30:57,132 INFO Written out 6600000 reads
2025-11-03 19:31:02,370 INFO Written out 6700000 reads
2025-11-03 19:31:09,253 INFO Written out 6800000 reads
2025-11-03 19:31:16,035 INFO Written out 6900000 reads
2025-11-03 19:32:09,122 INFO Parsed 11000000 input reads
2025-11-03 19:32:11,173 INFO Written out 7000000 reads
2025-11-03 19:32:20,958 INFO Written out 7100000 reads
2025-11-03 19:32:28,792 INFO Written out 7200000 reads
2025-11-03 19:32:34,752 INFO Written out 7300000 reads
2025-11-03 19:32:43,519 INFO Written out 7400000 reads
2025-11-03 19:32:50,190 INFO Written out 7500000 reads
2025-11-03 19:32:57,559 INFO Written out 7600000 reads
2025-11-03 19:32:57,605 INFO Parsed 12000000 input reads
2025-11-03 19:33:04,294 INFO Written out 7700000 reads
2025-11-03 19:33:11,772 INFO Written out 7800000 reads
2025-11-03 19:33:17,818 INFO Written out 7900000 reads
2025-11-03 19:33:23,974 INFO Written out 8000000 reads
2025-11-03 19:33:33,293 INFO Written out 8100000 reads
2025-11-03 19:33:39,456 INFO Written out 8200000 reads
2025-11-03 19:33:41,945 INFO Parsed 13000000 input reads
2025-11-03 19:34:09,567 INFO Written out 8300000 reads
2025-11-03 19:34:16,397 INFO Written out 8400000 reads
2025-11-03 19:34:22,711 INFO Written out 8500000 reads
2025-11-03 19:34:28,680 INFO Written out 8600000 reads
2025-11-03 19:34:36,340 INFO Written out 8700000 reads
2025-11-03 19:34:43,235 INFO Written out 8800000 reads
2025-11-03 19:34:58,668 INFO Parsed 14000000 input reads
2025-11-03 19:35:09,550 INFO Written out 8900000 reads
2025-11-03 19:35:13,133 INFO Written out 9000000 reads
2025-11-03 19:35:17,430 INFO Written out 9100000 reads
2025-11-03 19:35:24,415 INFO Written out 9200000 reads
2025-11-03 19:35:32,239 INFO Written out 9300000 reads
2025-11-03 19:35:39,237 INFO Written out 9400000 reads
2025-11-03 19:35:45,996 INFO Parsed 15000000 input reads
2025-11-03 19:35:46,293 INFO Written out 9500000 reads
2025-11-03 19:35:52,486 INFO Written out 9600000 reads
2025-11-03 19:36:14,875 INFO Written out 9700000 reads
2025-11-03 19:36:22,707 INFO Written out 9800000 reads
2025-11-03 19:36:31,396 INFO Written out 9900000 reads
2025-11-03 19:36:38,452 INFO Written out 10000000 reads
2025-11-03 19:36:44,664 INFO Written out 10100000 reads
2025-11-03 19:36:49,757 INFO Parsed 16000000 input reads
2025-11-03 19:36:53,658 INFO Written out 10200000 reads
2025-11-03 19:37:00,890 INFO Written out 10300000 reads
2025-11-03 19:37:07,127 INFO Written out 10400000 reads
2025-11-03 19:37:16,216 INFO Written out 10500000 reads
2025-11-03 19:37:23,498 INFO Written out 10600000 reads
2025-11-03 19:37:47,861 INFO Written out 10700000 reads
2025-11-03 19:37:51,580 INFO Parsed 17000000 input reads
2025-11-03 19:37:55,066 INFO Written out 10800000 reads
2025-11-03 19:38:05,155 INFO Written out 10900000 reads
2025-11-03 19:38:14,217 INFO Written out 11000000 reads
2025-11-03 19:38:21,297 INFO Written out 11100000 reads
2025-11-03 19:38:28,422 INFO Written out 11200000 reads
2025-11-03 19:38:34,730 INFO Written out 11300000 reads
2025-11-03 19:38:53,092 INFO Parsed 18000000 input reads
2025-11-03 19:38:53,716 INFO Written out 11400000 reads
2025-11-03 19:39:00,956 INFO Written out 11500000 reads
2025-11-03 19:39:08,147 INFO Written out 11600000 reads
2025-11-03 19:39:14,486 INFO Written out 11700000 reads
2025-11-03 19:39:21,729 INFO Written out 11800000 reads
2025-11-03 19:39:29,061 INFO Written out 11900000 reads
2025-11-03 19:39:36,321 INFO Written out 12000000 reads
2025-11-03 19:39:37,567 INFO Parsed 19000000 input reads
2025-11-03 19:39:55,745 INFO Written out 12100000 reads
2025-11-03 19:40:04,942 INFO Written out 12200000 reads
2025-11-03 19:40:12,219 INFO Written out 12300000 reads
2025-11-03 19:40:20,438 INFO Written out 12400000 reads
2025-11-03 19:40:27,752 INFO Written out 12500000 reads
2025-11-03 19:40:42,640 INFO Written out 12600000 reads
2025-11-03 19:40:46,886 INFO Parsed 20000000 input reads
2025-11-03 19:40:48,947 INFO Written out 12700000 reads
2025-11-03 19:40:56,353 INFO Written out 12800000 reads
2025-11-03 19:41:02,955 INFO Written out 12900000 reads
2025-11-03 19:41:10,430 INFO Written out 13000000 reads
2025-11-03 19:41:20,178 INFO Written out 13100000 reads
2025-11-03 19:41:36,579 INFO Written out 13200000 reads
2025-11-03 19:41:42,724 INFO Parsed 21000000 input reads
2025-11-03 19:41:42,954 INFO Written out 13300000 reads
2025-11-03 19:41:50,467 INFO Written out 13400000 reads
2025-11-03 19:42:08,080 INFO Written out 13500000 reads
2025-11-03 19:42:10,996 INFO Written out 13600000 reads
2025-11-03 19:42:18,392 INFO Written out 13700000 reads
2025-11-03 19:42:25,859 INFO Written out 13800000 reads
2025-11-03 19:42:34,628 INFO Written out 13900000 reads
2025-11-03 19:42:37,079 INFO Parsed 22000000 input reads
2025-11-03 19:42:42,147 INFO Written out 14000000 reads
2025-11-03 19:42:50,937 INFO Written out 14100000 reads
2025-11-03 19:43:01,044 INFO Written out 14200000 reads
2025-11-03 19:43:08,457 INFO Written out 14300000 reads
2025-11-03 19:43:14,913 INFO Written out 14400000 reads
2025-11-03 19:43:21,470 INFO Written out 14500000 reads
2025-11-03 19:43:27,057 INFO Parsed 23000000 input reads
2025-11-03 19:43:29,226 INFO Written out 14600000 reads
2025-11-03 19:44:29,951 INFO Written out 14700000 reads
2025-11-03 19:44:32,807 INFO Written out 14800000 reads
2025-11-03 19:44:35,631 INFO Written out 14900000 reads
2025-11-03 19:44:38,456 INFO Written out 15000000 reads
2025-11-03 19:44:41,308 INFO Written out 15100000 reads
2025-11-03 19:44:43,784 INFO Parsed 24000000 input reads
2025-11-03 19:44:44,149 INFO Written out 15200000 reads
2025-11-03 19:44:47,009 INFO Written out 15300000 reads
2025-11-03 19:44:49,847 INFO Written out 15400000 reads
2025-11-03 19:44:52,698 INFO Written out 15500000 reads
2025-11-03 19:44:55,557 INFO Written out 15600000 reads
2025-11-03 19:44:58,411 INFO Written out 15700000 reads
2025-11-03 19:45:01,381 INFO Written out 15800000 reads
2025-11-03 19:45:01,592 INFO Parsed 25000000 input reads
2025-11-03 19:45:04,652 INFO Written out 15900000 reads
2025-11-03 19:45:08,831 INFO Written out 16000000 reads
2025-11-03 19:45:14,141 INFO Written out 16100000 reads
2025-11-03 19:45:19,480 INFO Written out 16200000 reads
2025-11-03 19:45:24,728 INFO Written out 16300000 reads
2025-11-03 19:45:30,066 INFO Written out 16400000 reads
2025-11-03 19:46:29,659 INFO Parsed 26000000 input reads
2025-11-03 19:46:33,159 INFO Written out 16500000 reads
2025-11-03 19:46:41,416 INFO Written out 16600000 reads
2025-11-03 19:46:46,957 INFO Written out 16700000 reads
2025-11-03 19:46:52,262 INFO Written out 16800000 reads
2025-11-03 19:58:10,897 INFO Written out 16900000 reads
2025-11-03 19:58:35,149 INFO Written out 17000000 reads
2025-11-03 19:59:17,153 INFO Parsed 27000000 input reads
2025-11-03 19:59:21,548 INFO Written out 17100000 reads
2025-11-03 20:02:02,114 INFO Written out 17200000 reads
2025-11-03 20:03:33,220 INFO Written out 17300000 reads
2025-11-03 20:06:07,636 INFO Written out 17400000 reads
2025-11-03 20:08:26,247 INFO Written out 17500000 reads
2025-11-03 20:18:56,580 INFO Written out 17600000 reads
2025-11-03 20:19:27,453 INFO Parsed 28000000 input reads
2025-11-03 20:23:46,275 INFO Written out 17700000 reads
2025-11-03 20:27:24,082 INFO Written out 17800000 reads
2025-11-03 20:29:03,888 INFO Written out 17900000 reads
2025-11-03 20:33:25,055 INFO Written out 18000000 reads
2025-11-03 20:37:27,322 INFO Written out 18100000 reads
2025-11-03 20:45:15,978 INFO Parsed 29000000 input reads
2025-11-03 20:46:00,864 INFO Written out 18200000 reads
2025-11-03 20:49:35,575 INFO Written out 18300000 reads
2025-11-03 21:07:34,093 INFO Written out 18400000 reads
2025-11-03 21:29:53,305 INFO Written out 18500000 reads
2025-11-03 21:31:07,689 INFO Parsed 30000000 input reads
2025-11-03 21:38:36,834 INFO Written out 18600000 reads
2025-11-03 21:50:17,421 INFO Written out 18700000 reads
2025-11-03 21:59:29,284 INFO Written out 18800000 reads
2025-11-03 22:06:12,378 INFO Written out 18900000 reads
2025-11-03 22:07:43,544 INFO Written out 19000000 reads
2025-11-03 22:09:55,539 INFO Parsed 31000000 input reads
2025-11-03 22:13:31,660 INFO Written out 19100000 reads
2025-11-03 22:16:50,955 INFO Written out 19200000 reads
2025-11-03 22:21:23,292 INFO Written out 19300000 reads
2025-11-03 22:30:33,435 INFO Written out 19400000 reads
2025-11-03 22:35:13,717 INFO Parsed 32000000 input reads
2025-11-03 22:35:17,458 INFO Written out 19500000 reads
2025-11-03 22:43:09,966 INFO Written out 19600000 reads
2025-11-03 23:03:47,958 INFO Written out 19700000 reads
2025-11-03 23:27:06,718 INFO Written out 19800000 reads
2025-11-03 23:27:06,719 INFO Parsed 33000000 input reads
2025-11-03 23:37:16,248 INFO Written out 19900000 reads
2025-11-03 23:53:30,935 INFO Written out 20000000 reads
2025-11-03 23:58:22,160 INFO Written out 20100000 reads
2025-11-04 00:08:31,105 INFO Parsed 34000000 input reads
2025-11-04 00:11:29,575 INFO Written out 20200000 reads
2025-11-04 00:18:11,570 INFO Written out 20300000 reads
2025-11-04 00:20:47,951 INFO Written out 20400000 reads
2025-11-04 00:22:20,713 INFO Written out 20500000 reads
2025-11-04 00:27:28,400 INFO Written out 20600000 reads
2025-11-04 00:31:00,959 INFO Written out 20700000 reads
2025-11-04 00:33:08,491 INFO Parsed 35000000 input reads
2025-11-04 00:42:09,671 INFO Written out 20800000 reads
2025-11-04 00:53:32,292 INFO Written out 20900000 reads
2025-11-04 01:03:53,876 INFO Written out 21000000 reads
2025-11-04 01:08:40,344 INFO Written out 21100000 reads
2025-11-04 01:13:58,278 INFO Written out 21200000 reads
2025-11-04 01:14:24,643 INFO Parsed 36000000 input reads
2025-11-04 01:14:57,818 INFO Written out 21300000 reads
2025-11-04 01:18:50,756 INFO Written out 21400000 reads
2025-11-04 01:24:10,471 INFO Written out 21500000 reads
2025-11-04 01:26:22,730 INFO Written out 21600000 reads
2025-11-04 01:27:32,655 INFO Written out 21700000 reads
2025-11-04 01:28:00,195 INFO Written out 21800000 reads
2025-11-04 01:28:03,426 INFO Written out 21900000 reads
2025-11-04 01:28:08,506 INFO Parsed 37000000 input reads
2025-11-04 01:28:17,101 INFO Written out 22000000 reads
2025-11-04 01:28:38,913 INFO Written out 22100000 reads
2025-11-04 01:29:07,399 INFO Written out 22200000 reads
2025-11-04 01:30:07,223 INFO Written out 22300000 reads
2025-11-04 01:31:20,223 INFO Written out 22400000 reads
2025-11-04 01:32:11,394 INFO Written out 22500000 reads
2025-11-04 01:34:12,697 INFO Written out 22600000 reads
2025-11-04 01:35:44,097 INFO Parsed 38000000 input reads
2025-11-04 01:36:10,597 INFO Written out 22700000 reads
2025-11-04 01:38:13,164 INFO Written out 22800000 reads
2025-11-04 01:39:23,626 INFO Written out 22900000 reads
2025-11-04 01:40:43,708 INFO Written out 23000000 reads
2025-11-04 01:41:06,838 INFO Written out 23100000 reads
2025-11-04 01:41:10,503 INFO Written out 23200000 reads
2025-11-04 01:41:48,466 INFO Written out 23300000 reads
2025-11-04 01:43:39,023 INFO Parsed 39000000 input reads
2025-11-04 01:43:58,742 INFO Written out 23400000 reads
2025-11-04 01:46:04,838 INFO Written out 23500000 reads
2025-11-04 01:48:10,352 INFO Written out 23600000 reads
2025-11-04 01:53:36,896 INFO Written out 23700000 reads
2025-11-04 01:59:31,418 INFO Written out 23800000 reads
2025-11-04 02:01:30,968 INFO Written out 23900000 reads
2025-11-04 02:01:59,883 INFO Parsed 40000000 input reads
2025-11-04 02:05:02,393 INFO Written out 24000000 reads
2025-11-04 02:07:49,834 INFO Written out 24100000 reads
2025-11-04 02:18:02,514 INFO Written out 24200000 reads
2025-11-04 02:24:03,705 INFO Written out 24300000 reads
2025-11-04 02:27:06,586 INFO Parsed 41000000 input reads
2025-11-04 02:32:04,087 INFO Written out 24400000 reads
2025-11-04 02:34:11,177 INFO Written out 24500000 reads
2025-11-04 02:39:30,983 INFO Written out 24600000 reads
2025-11-04 02:43:24,310 INFO Written out 24700000 reads
2025-11-04 02:47:54,637 INFO Written out 24800000 reads
2025-11-04 02:50:25,865 INFO Written out 24900000 reads
2025-11-04 02:50:25,866 INFO Parsed 42000000 input reads
2025-11-04 02:52:59,819 INFO Written out 25000000 reads
2025-11-04 02:54:11,579 INFO Written out 25100000 reads
2025-11-04 02:55:15,240 INFO Written out 25200000 reads
2025-11-04 02:56:08,968 INFO Written out 25300000 reads
2025-11-04 02:56:33,028 INFO Written out 25400000 reads
2025-11-04 02:56:36,912 INFO Written out 25500000 reads
2025-11-04 02:56:40,243 INFO Parsed 43000000 input reads
2025-11-04 02:57:03,446 INFO Written out 25600000 reads
2025-11-04 02:58:17,306 INFO Written out 25700000 reads
2025-11-04 02:59:04,634 INFO Written out 25800000 reads
2025-11-04 03:00:43,351 INFO Written out 25900000 reads
2025-11-04 03:02:17,273 INFO Written out 26000000 reads
2025-11-04 03:03:08,347 INFO Written out 26100000 reads
2025-11-04 03:03:36,200 INFO Parsed 44000000 input reads
2025-11-04 03:04:46,539 INFO Written out 26200000 reads
2025-11-04 03:05:49,554 INFO Written out 26300000 reads
2025-11-04 03:06:58,528 INFO Written out 26400000 reads
2025-11-04 03:07:40,432 INFO Written out 26500000 reads
2025-11-04 03:08:17,097 INFO Written out 26600000 reads
2025-11-04 03:08:48,343 INFO Written out 26700000 reads
2025-11-04 03:09:02,746 INFO Parsed 45000000 input reads
2025-11-04 03:09:07,376 INFO Written out 26800000 reads
2025-11-04 03:09:12,112 INFO Written out 26900000 reads
2025-11-04 03:09:17,272 INFO Written out 27000000 reads
2025-11-04 03:09:21,878 INFO Written out 27100000 reads
2025-11-04 03:09:28,663 INFO Written out 27200000 reads
2025-11-04 03:09:35,256 INFO Written out 27300000 reads
2025-11-04 03:09:41,105 INFO Written out 27400000 reads
2025-11-04 03:09:41,774 INFO Parsed 46000000 input reads
2025-11-04 03:09:46,304 INFO Written out 27500000 reads
2025-11-04 03:09:52,876 INFO Written out 27600000 reads
2025-11-04 03:09:57,978 INFO Written out 27700000 reads
2025-11-04 03:10:10,257 INFO Written out 27800000 reads
2025-11-04 03:10:32,348 INFO Written out 27900000 reads
2025-11-04 03:10:47,740 INFO Written out 28000000 reads
2025-11-04 03:10:49,939 INFO Parsed 47000000 input reads
2025-11-04 03:10:53,226 INFO Written out 28100000 reads
2025-11-04 03:11:01,206 INFO Written out 28200000 reads
2025-11-04 03:11:04,598 INFO Written out 28300000 reads
2025-11-04 03:11:09,724 INFO Written out 28400000 reads
2025-11-04 03:11:13,553 INFO Written out 28500000 reads
2025-11-04 03:11:19,509 INFO Written out 28600000 reads
2025-11-04 03:11:26,309 INFO Parsed 48000000 input reads
2025-11-04 03:11:29,037 INFO Written out 28700000 reads
2025-11-04 03:11:32,122 INFO Written out 28800000 reads
2025-11-04 03:11:37,593 INFO Written out 28900000 reads
2025-11-04 03:11:48,968 INFO Written out 29000000 reads
2025-11-04 03:12:14,141 INFO Written out 29100000 reads
2025-11-04 03:13:10,951 INFO Written out 29200000 reads
2025-11-04 03:14:38,255 INFO Written out 29300000 reads
2025-11-04 03:15:19,274 INFO Parsed 49000000 input reads
2025-11-04 03:16:12,679 INFO Written out 29400000 reads
2025-11-04 03:18:41,408 INFO Written out 29500000 reads
2025-11-04 03:20:16,626 INFO Written out 29600000 reads
2025-11-04 03:21:48,255 INFO Written out 29700000 reads
2025-11-04 03:22:09,031 INFO Written out 29800000 reads
2025-11-04 03:22:13,035 INFO Written out 29900000 reads
2025-11-04 03:22:46,011 INFO Written out 30000000 reads
2025-11-04 03:23:46,684 INFO Parsed 50000000 input reads
2025-11-04 03:24:04,002 INFO Written out 30100000 reads
2025-11-04 03:26:22,896 INFO Written out 30200000 reads
2025-11-04 03:30:41,444 INFO Written out 30300000 reads
2025-11-04 03:31:58,422 INFO Written out 30400000 reads
2025-11-04 03:34:22,466 INFO Written out 30500000 reads
2025-11-04 03:39:47,617 INFO Written out 30600000 reads
2025-11-04 03:40:52,194 INFO Parsed 51000000 input reads
2025-11-04 03:45:42,266 INFO Written out 30700000 reads
2025-11-04 03:50:06,444 INFO Written out 30800000 reads
2025-11-04 03:55:27,039 INFO Written out 30900000 reads
2025-11-04 03:57:04,627 INFO Written out 31000000 reads
2025-11-04 04:01:10,636 INFO Written out 31100000 reads
2025-11-04 04:03:16,012 INFO Parsed 52000000 input reads
2025-11-04 04:04:06,248 INFO Written out 31200000 reads
2025-11-04 04:13:28,453 INFO Written out 31300000 reads
2025-11-04 04:19:59,175 INFO Written out 31400000 reads
2025-11-04 04:28:06,526 INFO Written out 31500000 reads
2025-11-04 04:32:09,304 INFO Written out 31600000 reads
2025-11-04 04:32:51,104 INFO Parsed 53000000 input reads
2025-11-04 04:33:38,037 INFO Written out 31700000 reads
2025-11-04 04:36:03,044 INFO Written out 31800000 reads
2025-11-04 04:42:22,510 INFO Written out 31900000 reads
2025-11-04 04:48:04,371 INFO Written out 32000000 reads
2025-11-04 04:49:32,940 INFO Written out 32100000 reads
2025-11-04 04:52:15,904 INFO Written out 32200000 reads
2025-11-04 04:52:50,112 INFO Parsed 54000000 input reads
2025-11-04 04:54:42,959 INFO Written out 32300000 reads
2025-11-04 04:55:42,086 INFO Written out 32400000 reads
2025-11-04 04:56:59,661 INFO Written out 32500000 reads
2025-11-04 04:57:48,020 INFO Written out 32600000 reads
2025-11-04 04:58:37,229 INFO Written out 32700000 reads
2025-11-04 04:59:02,227 INFO Written out 32800000 reads
2025-11-04 04:59:06,617 INFO Parsed 55000000 input reads
2025-11-04 04:59:07,843 INFO Written out 32900000 reads
2025-11-04 04:59:22,407 INFO Written out 33000000 reads
2025-11-04 05:00:13,220 INFO Written out 33100000 reads
2025-11-04 05:01:30,531 INFO Written out 33200000 reads
2025-11-04 05:02:50,149 INFO Written out 33300000 reads
2025-11-04 05:04:02,606 INFO Written out 33400000 reads
2025-11-04 05:05:43,806 INFO Parsed 56000000 input reads
2025-11-04 05:05:56,205 INFO Written out 33500000 reads
2025-11-04 05:07:23,721 INFO Written out 33600000 reads
2025-11-04 05:08:11,054 INFO Written out 33700000 reads
2025-11-04 05:09:28,604 INFO Written out 33800000 reads
2025-11-04 05:11:00,418 INFO Written out 33900000 reads
2025-11-04 05:11:48,684 INFO Written out 34000000 reads
2025-11-04 05:12:50,946 INFO Written out 34100000 reads
2025-11-04 05:12:57,392 INFO Parsed 57000000 input reads
2025-11-04 05:13:31,044 INFO Written out 34200000 reads
2025-11-04 05:14:09,120 INFO Written out 34300000 reads
2025-11-04 05:14:41,856 INFO Written out 34400000 reads
2025-11-04 05:15:02,933 INFO Written out 34500000 reads
2025-11-04 05:15:11,083 INFO Written out 34600000 reads
2025-11-04 05:15:15,546 INFO Written out 34700000 reads
2025-11-04 05:15:19,769 INFO Parsed 58000000 input reads
2025-11-04 05:15:20,111 INFO Written out 34800000 reads
2025-11-04 05:15:27,109 INFO Written out 34900000 reads
2025-11-04 05:15:36,958 INFO Written out 35000000 reads
2025-11-04 05:15:42,996 INFO Written out 35100000 reads
2025-11-04 05:15:48,313 INFO Written out 35200000 reads
2025-11-04 05:15:57,308 INFO Written out 35300000 reads
2025-11-04 05:16:01,394 INFO Parsed 59000000 input reads
2025-11-04 05:16:01,609 INFO Written out 35400000 reads
2025-11-04 05:16:06,696 INFO Written out 35500000 reads
2025-11-04 05:16:17,858 INFO Written out 35600000 reads
2025-11-04 05:16:39,942 INFO Written out 35700000 reads
2025-11-04 05:16:57,960 INFO Written out 35800000 reads
2025-11-04 05:17:10,723 INFO Written out 35900000 reads
2025-11-04 05:17:15,537 INFO Written out 36000000 reads
2025-11-04 05:17:21,748 INFO Parsed 60000000 input reads
2025-11-04 05:17:26,659 INFO Written out 36100000 reads
2025-11-04 05:17:35,371 INFO Written out 36200000 reads
2025-11-04 05:17:51,281 INFO Written out 36300000 reads
2025-11-04 05:18:04,063 INFO Written out 36400000 reads
2025-11-04 05:18:07,904 INFO Written out 36500000 reads
2025-11-04 05:39:27,151 INFO Written out 36600000 reads
2025-11-04 05:39:38,835 INFO Written out 36700000 reads
2025-11-04 05:40:12,710 INFO Parsed 61000000 input reads
2025-11-04 05:40:44,744 INFO Written out 36800000 reads
2025-11-04 05:41:26,849 INFO Written out 36900000 reads
2025-11-04 05:43:51,272 INFO Written out 37000000 reads
2025-11-04 05:45:58,861 INFO Written out 37100000 reads
2025-11-04 05:51:06,735 INFO Written out 37200000 reads
2025-11-04 05:53:14,156 INFO Written out 37300000 reads
2025-11-04 05:54:41,997 INFO Written out 37400000 reads
2025-11-04 05:56:45,315 INFO Parsed 62000000 input reads
2025-11-04 05:57:55,781 INFO Written out 37500000 reads
2025-11-04 06:06:09,673 INFO Written out 37600000 reads
2025-11-04 06:12:36,448 INFO Written out 37700000 reads
2025-11-04 06:16:39,362 INFO Written out 37800000 reads
2025-11-04 06:22:18,214 INFO Written out 37900000 reads
2025-11-04 06:28:06,154 INFO Parsed 63000000 input reads
2025-11-04 06:37:52,155 INFO Written out 38000000 reads
2025-11-04 06:44:49,722 INFO Written out 38100000 reads
2025-11-04 06:50:40,052 INFO Written out 38200000 reads
2025-11-04 06:53:39,726 INFO Written out 38300000 reads
2025-11-04 06:58:08,964 INFO Written out 38400000 reads
2025-11-04 07:00:36,656 INFO Written out 38500000 reads
2025-11-04 07:02:22,269 INFO Parsed 64000000 input reads
2025-11-04 07:08:24,392 INFO Written out 38600000 reads
2025-11-04 07:13:14,845 INFO Written out 38700000 reads
2025-11-04 07:18:30,328 INFO Written out 38800000 reads
2025-11-04 07:43:01,918 INFO Written out 38900000 reads
2025-11-04 07:43:09,346 INFO Parsed 65000000 input reads
2025-11-04 07:55:46,509 INFO Written out 39000000 reads
2025-11-04 08:12:34,788 INFO Written out 39100000 reads
2025-11-04 08:20:36,021 INFO Written out 39200000 reads
2025-11-04 08:26:57,909 INFO Written out 39300000 reads
2025-11-04 08:29:22,630 INFO Parsed 66000000 input reads
2025-11-04 08:35:45,829 INFO Written out 39400000 reads
2025-11-04 08:52:03,397 INFO Written out 39500000 reads
2025-11-04 09:03:11,913 INFO Written out 39600000 reads
2025-11-04 09:12:09,686 INFO Written out 39700000 reads
2025-11-04 09:15:39,885 INFO Written out 39800000 reads
2025-11-04 09:19:57,081 INFO Parsed 67000000 input reads
2025-11-04 09:22:24,796 INFO Written out 39900000 reads
2025-11-04 09:23:48,740 INFO Written out 40000000 reads
2025-11-04 09:29:17,839 INFO Written out 40100000 reads
2025-11-04 09:31:42,925 INFO Written out 40200000 reads
2025-11-04 09:36:45,453 INFO Written out 40300000 reads
2025-11-04 09:43:31,068 INFO Parsed 68000000 input reads
2025-11-04 09:45:30,719 INFO Written out 40400000 reads
2025-11-04 09:50:03,744 INFO Written out 40500000 reads
2025-11-04 09:57:34,695 INFO Written out 40600000 reads
2025-11-04 10:17:42,250 INFO Written out 40700000 reads
2025-11-04 10:17:42,252 INFO Parsed 69000000 input reads
2025-11-04 10:40:28,600 INFO Written out 40800000 reads
2025-11-04 10:50:17,666 INFO Written out 40900000 reads
2025-11-04 11:05:41,386 INFO Written out 41000000 reads
2025-11-04 11:08:22,301 INFO Parsed 70000000 input reads
2025-11-04 11:10:42,872 INFO Written out 41100000 reads
2025-11-04 11:23:21,354 INFO Written out 41200000 reads
2025-11-04 11:29:32,101 INFO Written out 41300000 reads
2025-11-04 11:35:45,179 INFO Written out 41400000 reads
